{
    "Name": "docker.io/library/alpine:3.10",
    "Type": "container_image",
    "ID": "sha256:af1830902887b735c47163a2d459e34961418d3671c5a80f9bcb0affbb5a1a65",
    "BlobIDs": [
        "sha256:91e954439f636db539a88ecf51b349779aa9056a8cd97571e6d282a7f4a7f9f7"
    ],
    "ImageMetadata": {
        "ID": "sha256:961769676411f082461f9ef46626dd7a2d1e2b2a38e6a44364bcbecf51e66dd4",
        "DiffIDs": [
            "sha256:03901b4a2ea88eeaad62dbe59b072b28b6efa00491962b8741081c5df50c65e0"
        ],
        "RepoTags": [
            "library/alpine:3.10"
        ],
        "RepoDigests": [
            "library/alpine@sha256:961769676411f082461f9ef46626dd7a2d1e2b2a38e6a44364bcbecf51e66dd4"
        ],
        "ConfigFile": {
            "architecture": "amd64",
            "created": "2019-08-20T20:19:55.211423266Z",
            "os": "linux",
            "rootfs": {
                "type": "layers",
                "diff_ids": [
                    "sha256:03901b4a2ea88eeaad62dbe59b072b28b6efa00491962b8741081c5df50c65e0"
                ]
            },
            "config": {
                "Cmd": [
                    "/bin/sh"
                ],
                "Env": [
                    "PATH=/usr/local/sbin:/usr/local/bin:/usr/sbin:/usr/bin:/sbin:/bin"
                ],
                "Volumes": {}
            }
        }
    }
}
