{
    "ID": "sha256:0ac33e5f5afa79e084075e8698a22d574816eea8d7b7d480586835657c3e1c8b",
    "DiffIDs": [
        "sha256:4fc242d58285699eca05db3cc7c7122a2b8e014d9481f323bd9277baacfa0628"
    ],
    "RepoTags": [
        "aquasecurity/trivy-test-images/alpine:3.15"
    ],
    "RepoDigests": [
        "aquasecurity/trivy-test-images/alpine@sha256:0ac33e5f5afa79e084075e8698a22d574816eea8d7b7d480586835657c3e1c8b"
    ],
    "ConfigFile": {
        "architecture": "amd64",
        "created": "2022-04-05T00:19:59.912662499Z",
        "os": "linux",
        "rootfs": {
            "type": "layers",
            "diff_ids": [
                "sha256:4fc242d58285699eca05db3cc7c7122a2b8e014d9481f323bd9277baacfa0628"
            ]
        },
        "config": {
            "Cmd": [
                "/bin/sh"
            ],
            "Env": [
                "PATH=/usr/local/sbin:/usr/local/bin:/usr/sbin:/usr/bin:/sbin:/bin"
            ],
            "Volumes": {}
        }
    }
}

