[
  {
    "Type": "composer",
    "FilePath": "php-app/composer.lock",
    "Libraries": [
      {
        "Library": {
          "Name": "guzzlehttp/guzzle",
          "Version": "6.2.0"
        },
        "Layer": {
          "DiffID": "sha256:4d116f47cb2cc77a88d609b9805f2b011a5d42339b67300166654b3922685ac9"
        }
      },
      {
        "Library": {
          "Name": "guzzlehttp/promises",
          "Version": "v1.3.1"
        },
        "Layer": {
          "DiffID": "sha256:4d116f47cb2cc77a88d609b9805f2b011a5d42339b67300166654b3922685ac9"
        }
      },
      {
        "Library": {
          "Name": "guzzlehttp/psr7",
          "Version": "1.5.2"
        },
        "Layer": {
          "DiffID": "sha256:4d116f47cb2cc77a88d609b9805f2b011a5d42339b67300166654b3922685ac9"
        }
      },
      {
        "Library": {
          "Name": "laravel/installer",
          "Version": "v2.0.1"
        },
        "Layer": {
          "DiffID": "sha256:4d116f47cb2cc77a88d609b9805f2b011a5d42339b67300166654b3922685ac9"
        }
      },
      {
        "Library": {
          "Name": "pear/log",
          "Version": "1.13.1"
        },
        "Layer": {
          "DiffID": "sha256:4d116f47cb2cc77a88d609b9805f2b011a5d42339b67300166654b3922685ac9"
        }
      },
      {
        "Library": {
          "Name": "pear/pear_exception",
          "Version": "v1.0.0"
        },
        "Layer": {
          "DiffID": "sha256:4d116f47cb2cc77a88d609b9805f2b011a5d42339b67300166654b3922685ac9"
        }
      },
      {
        "Library": {
          "Name": "psr/http-message",
          "Version": "1.0.1"
        },
        "Layer": {
          "DiffID": "sha256:4d116f47cb2cc77a88d609b9805f2b011a5d42339b67300166654b3922685ac9"
        }
      },
      {
        "Library": {
          "Name": "ralouphie/getallheaders",
          "Version": "2.0.5"
        },
        "Layer": {
          "DiffID": "sha256:4d116f47cb2cc77a88d609b9805f2b011a5d42339b67300166654b3922685ac9"
        }
      },
      {
        "Library": {
          "Name": "symfony/console",
          "Version": "v4.2.7"
        },
        "Layer": {
          "DiffID": "sha256:4d116f47cb2cc77a88d609b9805f2b011a5d42339b67300166654b3922685ac9"
        }
      },
      {
        "Library": {
          "Name": "symfony/contracts",
          "Version": "v1.0.2"
        },
        "Layer": {
          "DiffID": "sha256:4d116f47cb2cc77a88d609b9805f2b011a5d42339b67300166654b3922685ac9"
        }
      },
      {
        "Library": {
          "Name": "symfony/filesystem",
          "Version": "v4.2.7"
        },
        "Layer": {
          "DiffID": "sha256:4d116f47cb2cc77a88d609b9805f2b011a5d42339b67300166654b3922685ac9"
        }
      },
      {
        "Library": {
          "Name": "symfony/polyfill-ctype",
          "Version": "v1.11.0"
        },
        "Layer": {
          "DiffID": "sha256:4d116f47cb2cc77a88d609b9805f2b011a5d42339b67300166654b3922685ac9"
        }
      },
      {
        "Library": {
          "Name": "symfony/polyfill-mbstring",
          "Version": "v1.11.0"
        },
        "Layer": {
          "DiffID": "sha256:4d116f47cb2cc77a88d609b9805f2b011a5d42339b67300166654b3922685ac9"
        }
      },
      {
        "Library": {
          "Name": "symfony/process",
          "Version": "v4.2.7"
        },
        "Layer": {
          "DiffID": "sha256:4d116f47cb2cc77a88d609b9805f2b011a5d42339b67300166654b3922685ac9"
        }
      }
    ]
  },
  {
    "Type": "npm",
    "FilePath": "node-app/package-lock.json",
    "Libraries": [
      {
        "Library": {
          "Name": "asap",
          "Version": "2.0.6"
        },
        "Layer": {
          "DiffID": "sha256:a66245f885f2a210071e415f0f8ac4f21f5e4eab6c0435b4082e5c3637c411cb"
        }
      },
      {
        "Library": {
          "Name": "jquery",
          "Version": "3.3.9"
        },
        "Layer": {
          "DiffID": "sha256:a66245f885f2a210071e415f0f8ac4f21f5e4eab6c0435b4082e5c3637c411cb"
        }
      },
      {
        "Library": {
          "Name": "js-tokens",
          "Version": "4.0.0"
        },
        "Layer": {
          "DiffID": "sha256:a66245f885f2a210071e415f0f8ac4f21f5e4eab6c0435b4082e5c3637c411cb"
        }
      },
      {
        "Library": {
          "Name": "lodash",
          "Version": "4.17.4"
        },
        "Layer": {
          "DiffID": "sha256:a66245f885f2a210071e415f0f8ac4f21f5e4eab6c0435b4082e5c3637c411cb"
        }
      },
      {
        "Library": {
          "Name": "loose-envify",
          "Version": "1.4.0"
        },
        "Layer": {
          "DiffID": "sha256:a66245f885f2a210071e415f0f8ac4f21f5e4eab6c0435b4082e5c3637c411cb"
        }
      },
      {
        "Library": {
          "Name": "object-assign",
          "Version": "4.1.1"
        },
        "Layer": {
          "DiffID": "sha256:a66245f885f2a210071e415f0f8ac4f21f5e4eab6c0435b4082e5c3637c411cb"
        }
      },
      {
        "Library": {
          "Name": "promise",
          "Version": "8.0.3"
        },
        "Layer": {
          "DiffID": "sha256:a66245f885f2a210071e415f0f8ac4f21f5e4eab6c0435b4082e5c3637c411cb"
        }
      },
      {
        "Library": {
          "Name": "prop-types",
          "Version": "15.7.2"
        },
        "Layer": {
          "DiffID": "sha256:a66245f885f2a210071e415f0f8ac4f21f5e4eab6c0435b4082e5c3637c411cb"
        }
      },
      {
        "Library": {
          "Name": "react",
          "Version": "16.8.6"
        },
        "Layer": {
          "DiffID": "sha256:a66245f885f2a210071e415f0f8ac4f21f5e4eab6c0435b4082e5c3637c411cb"
        }
      },
      {
        "Library": {
          "Name": "react-is",
          "Version": "16.8.6"
        },
        "Layer": {
          "DiffID": "sha256:a66245f885f2a210071e415f0f8ac4f21f5e4eab6c0435b4082e5c3637c411cb"
        }
      },
      {
        "Library": {
          "Name": "redux",
          "Version": "4.0.1"
        },
        "Layer": {
          "DiffID": "sha256:a66245f885f2a210071e415f0f8ac4f21f5e4eab6c0435b4082e5c3637c411cb"
        }
      },
      {
        "Library": {
          "Name": "scheduler",
          "Version": "0.13.6"
        },
        "Layer": {
          "DiffID": "sha256:a66245f885f2a210071e415f0f8ac4f21f5e4eab6c0435b4082e5c3637c411cb"
        }
      },
      {
        "Library": {
          "Name": "symbol-observable",
          "Version": "1.2.0"
        },
        "Layer": {
          "DiffID": "sha256:a66245f885f2a210071e415f0f8ac4f21f5e4eab6c0435b4082e5c3637c411cb"
        }
      }
    ]
  },
  {
    "Type": "cargo",
    "FilePath": "rust-app/Cargo.lock",
    "Libraries": [
      {
        "Library": {
          "Name": "ammonia",
          "Version": "1.9.0"
        },
        "Layer": {
          "DiffID": "sha256:6ef42db7800507577383edf1937cb203b9b85f619feed6046594208748ceb52c"
        }
      },
      {
        "Library": {
          "Name": "autocfg",
          "Version": "0.1.2"
        },
        "Layer": {
          "DiffID": "sha256:6ef42db7800507577383edf1937cb203b9b85f619feed6046594208748ceb52c"
        }
      },
      {
        "Library": {
          "Name": "bitflags",
          "Version": "0.7.0"
        },
        "Layer": {
          "DiffID": "sha256:6ef42db7800507577383edf1937cb203b9b85f619feed6046594208748ceb52c"
        }
      },
      {
        "Library": {
          "Name": "bitflags",
          "Version": "1.0.4"
        },
        "Layer": {
          "DiffID": "sha256:6ef42db7800507577383edf1937cb203b9b85f619feed6046594208748ceb52c"
        }
      },
      {
        "Library": {
          "Name": "cfg-if",
          "Version": "0.1.7"
        },
        "Layer": {
          "DiffID": "sha256:6ef42db7800507577383edf1937cb203b9b85f619feed6046594208748ceb52c"
        }
      },
      {
        "Library": {
          "Name": "cloudabi",
          "Version": "0.0.3"
        },
        "Layer": {
          "DiffID": "sha256:6ef42db7800507577383edf1937cb203b9b85f619feed6046594208748ceb52c"
        }
      },
      {
        "Library": {
          "Name": "fuchsia-cprng",
          "Version": "0.1.1"
        },
        "Layer": {
          "DiffID": "sha256:6ef42db7800507577383edf1937cb203b9b85f619feed6046594208748ceb52c"
        }
      },
      {
        "Library": {
          "Name": "futf",
          "Version": "0.1.4"
        },
        "Layer": {
          "DiffID": "sha256:6ef42db7800507577383edf1937cb203b9b85f619feed6046594208748ceb52c"
        }
      },
      {
        "Library": {
          "Name": "gdi32-sys",
          "Version": "0.2.0"
        },
        "Layer": {
          "DiffID": "sha256:6ef42db7800507577383edf1937cb203b9b85f619feed6046594208748ceb52c"
        }
      },
      {
        "Library": {
          "Name": "html5ever",
          "Version": "0.23.0"
        },
        "Layer": {
          "DiffID": "sha256:6ef42db7800507577383edf1937cb203b9b85f619feed6046594208748ceb52c"
        }
      },
      {
        "Library": {
          "Name": "idna",
          "Version": "0.1.5"
        },
        "Layer": {
          "DiffID": "sha256:6ef42db7800507577383edf1937cb203b9b85f619feed6046594208748ceb52c"
        }
      },
      {
        "Library": {
          "Name": "itoa",
          "Version": "0.4.4"
        },
        "Layer": {
          "DiffID": "sha256:6ef42db7800507577383edf1937cb203b9b85f619feed6046594208748ceb52c"
        }
      },
      {
        "Library": {
          "Name": "kernel32-sys",
          "Version": "0.2.2"
        },
        "Layer": {
          "DiffID": "sha256:6ef42db7800507577383edf1937cb203b9b85f619feed6046594208748ceb52c"
        }
      },
      {
        "Library": {
          "Name": "lazy_static",
          "Version": "0.2.11"
        },
        "Layer": {
          "DiffID": "sha256:6ef42db7800507577383edf1937cb203b9b85f619feed6046594208748ceb52c"
        }
      },
      {
        "Library": {
          "Name": "lazy_static",
          "Version": "1.3.0"
        },
        "Layer": {
          "DiffID": "sha256:6ef42db7800507577383edf1937cb203b9b85f619feed6046594208748ceb52c"
        }
      },
      {
        "Library": {
          "Name": "libc",
          "Version": "0.2.54"
        },
        "Layer": {
          "DiffID": "sha256:6ef42db7800507577383edf1937cb203b9b85f619feed6046594208748ceb52c"
        }
      },
      {
        "Library": {
          "Name": "libressl-pnacl-sys",
          "Version": "2.1.6"
        },
        "Layer": {
          "DiffID": "sha256:6ef42db7800507577383edf1937cb203b9b85f619feed6046594208748ceb52c"
        }
      },
      {
        "Library": {
          "Name": "log",
          "Version": "0.4.6"
        },
        "Layer": {
          "DiffID": "sha256:6ef42db7800507577383edf1937cb203b9b85f619feed6046594208748ceb52c"
        }
      },
      {
        "Library": {
          "Name": "mac",
          "Version": "0.1.1"
        },
        "Layer": {
          "DiffID": "sha256:6ef42db7800507577383edf1937cb203b9b85f619feed6046594208748ceb52c"
        }
      },
      {
        "Library": {
          "Name": "maplit",
          "Version": "1.0.1"
        },
        "Layer": {
          "DiffID": "sha256:6ef42db7800507577383edf1937cb203b9b85f619feed6046594208748ceb52c"
        }
      },
      {
        "Library": {
          "Name": "markup5ever",
          "Version": "0.8.1"
        },
        "Layer": {
          "DiffID": "sha256:6ef42db7800507577383edf1937cb203b9b85f619feed6046594208748ceb52c"
        }
      },
      {
        "Library": {
          "Name": "matches",
          "Version": "0.1.8"
        },
        "Layer": {
          "DiffID": "sha256:6ef42db7800507577383edf1937cb203b9b85f619feed6046594208748ceb52c"
        }
      },
      {
        "Library": {
          "Name": "new_debug_unreachable",
          "Version": "1.0.3"
        },
        "Layer": {
          "DiffID": "sha256:6ef42db7800507577383edf1937cb203b9b85f619feed6046594208748ceb52c"
        }
      },
      {
        "Library": {
          "Name": "normal",
          "Version": "0.1.0"
        },
        "Layer": {
          "DiffID": "sha256:6ef42db7800507577383edf1937cb203b9b85f619feed6046594208748ceb52c"
        }
      },
      {
        "Library": {
          "Name": "openssl",
          "Version": "0.8.3"
        },
        "Layer": {
          "DiffID": "sha256:6ef42db7800507577383edf1937cb203b9b85f619feed6046594208748ceb52c"
        }
      },
      {
        "Library": {
          "Name": "openssl-sys",
          "Version": "0.7.17"
        },
        "Layer": {
          "DiffID": "sha256:6ef42db7800507577383edf1937cb203b9b85f619feed6046594208748ceb52c"
        }
      },
      {
        "Library": {
          "Name": "percent-encoding",
          "Version": "1.0.1"
        },
        "Layer": {
          "DiffID": "sha256:6ef42db7800507577383edf1937cb203b9b85f619feed6046594208748ceb52c"
        }
      },
      {
        "Library": {
          "Name": "phf",
          "Version": "0.7.24"
        },
        "Layer": {
          "DiffID": "sha256:6ef42db7800507577383edf1937cb203b9b85f619feed6046594208748ceb52c"
        }
      },
      {
        "Library": {
          "Name": "phf_codegen",
          "Version": "0.7.24"
        },
        "Layer": {
          "DiffID": "sha256:6ef42db7800507577383edf1937cb203b9b85f619feed6046594208748ceb52c"
        }
      },
      {
        "Library": {
          "Name": "phf_generator",
          "Version": "0.7.24"
        },
        "Layer": {
          "DiffID": "sha256:6ef42db7800507577383edf1937cb203b9b85f619feed6046594208748ceb52c"
        }
      },
      {
        "Library": {
          "Name": "phf_shared",
          "Version": "0.7.24"
        },
        "Layer": {
          "DiffID": "sha256:6ef42db7800507577383edf1937cb203b9b85f619feed6046594208748ceb52c"
        }
      },
      {
        "Library": {
          "Name": "pkg-config",
          "Version": "0.3.14"
        },
        "Layer": {
          "DiffID": "sha256:6ef42db7800507577383edf1937cb203b9b85f619feed6046594208748ceb52c"
        }
      },
      {
        "Library": {
          "Name": "pnacl-build-helper",
          "Version": "1.4.11"
        },
        "Layer": {
          "DiffID": "sha256:6ef42db7800507577383edf1937cb203b9b85f619feed6046594208748ceb52c"
        }
      },
      {
        "Library": {
          "Name": "precomputed-hash",
          "Version": "0.1.1"
        },
        "Layer": {
          "DiffID": "sha256:6ef42db7800507577383edf1937cb203b9b85f619feed6046594208748ceb52c"
        }
      },
      {
        "Library": {
          "Name": "proc-macro2",
          "Version": "0.4.30"
        },
        "Layer": {
          "DiffID": "sha256:6ef42db7800507577383edf1937cb203b9b85f619feed6046594208748ceb52c"
        }
      },
      {
        "Library": {
          "Name": "quote",
          "Version": "0.6.12"
        },
        "Layer": {
          "DiffID": "sha256:6ef42db7800507577383edf1937cb203b9b85f619feed6046594208748ceb52c"
        }
      },
      {
        "Library": {
          "Name": "rand",
          "Version": "0.4.6"
        },
        "Layer": {
          "DiffID": "sha256:6ef42db7800507577383edf1937cb203b9b85f619feed6046594208748ceb52c"
        }
      },
      {
        "Library": {
          "Name": "rand",
          "Version": "0.6.5"
        },
        "Layer": {
          "DiffID": "sha256:6ef42db7800507577383edf1937cb203b9b85f619feed6046594208748ceb52c"
        }
      },
      {
        "Library": {
          "Name": "rand_chacha",
          "Version": "0.1.1"
        },
        "Layer": {
          "DiffID": "sha256:6ef42db7800507577383edf1937cb203b9b85f619feed6046594208748ceb52c"
        }
      },
      {
        "Library": {
          "Name": "rand_core",
          "Version": "0.3.1"
        },
        "Layer": {
          "DiffID": "sha256:6ef42db7800507577383edf1937cb203b9b85f619feed6046594208748ceb52c"
        }
      },
      {
        "Library": {
          "Name": "rand_core",
          "Version": "0.4.0"
        },
        "Layer": {
          "DiffID": "sha256:6ef42db7800507577383edf1937cb203b9b85f619feed6046594208748ceb52c"
        }
      },
      {
        "Library": {
          "Name": "rand_hc",
          "Version": "0.1.0"
        },
        "Layer": {
          "DiffID": "sha256:6ef42db7800507577383edf1937cb203b9b85f619feed6046594208748ceb52c"
        }
      },
      {
        "Library": {
          "Name": "rand_isaac",
          "Version": "0.1.1"
        },
        "Layer": {
          "DiffID": "sha256:6ef42db7800507577383edf1937cb203b9b85f619feed6046594208748ceb52c"
        }
      },
      {
        "Library": {
          "Name": "rand_jitter",
          "Version": "0.1.4"
        },
        "Layer": {
          "DiffID": "sha256:6ef42db7800507577383edf1937cb203b9b85f619feed6046594208748ceb52c"
        }
      },
      {
        "Library": {
          "Name": "rand_os",
          "Version": "0.1.3"
        },
        "Layer": {
          "DiffID": "sha256:6ef42db7800507577383edf1937cb203b9b85f619feed6046594208748ceb52c"
        }
      },
      {
        "Library": {
          "Name": "rand_pcg",
          "Version": "0.1.2"
        },
        "Layer": {
          "DiffID": "sha256:6ef42db7800507577383edf1937cb203b9b85f619feed6046594208748ceb52c"
        }
      },
      {
        "Library": {
          "Name": "rand_xorshift",
          "Version": "0.1.1"
        },
        "Layer": {
          "DiffID": "sha256:6ef42db7800507577383edf1937cb203b9b85f619feed6046594208748ceb52c"
        }
      },
      {
        "Library": {
          "Name": "rdrand",
          "Version": "0.4.0"
        },
        "Layer": {
          "DiffID": "sha256:6ef42db7800507577383edf1937cb203b9b85f619feed6046594208748ceb52c"
        }
      },
      {
        "Library": {
          "Name": "remove_dir_all",
          "Version": "0.5.1"
        },
        "Layer": {
          "DiffID": "sha256:6ef42db7800507577383edf1937cb203b9b85f619feed6046594208748ceb52c"
        }
      },
      {
        "Library": {
          "Name": "ryu",
          "Version": "0.2.8"
        },
        "Layer": {
          "DiffID": "sha256:6ef42db7800507577383edf1937cb203b9b85f619feed6046594208748ceb52c"
        }
      },
      {
        "Library": {
          "Name": "same-file",
          "Version": "0.1.3"
        },
        "Layer": {
          "DiffID": "sha256:6ef42db7800507577383edf1937cb203b9b85f619feed6046594208748ceb52c"
        }
      },
      {
        "Library": {
          "Name": "serde",
          "Version": "1.0.91"
        },
        "Layer": {
          "DiffID": "sha256:6ef42db7800507577383edf1937cb203b9b85f619feed6046594208748ceb52c"
        }
      },
      {
        "Library": {
          "Name": "serde_derive",
          "Version": "1.0.91"
        },
        "Layer": {
          "DiffID": "sha256:6ef42db7800507577383edf1937cb203b9b85f619feed6046594208748ceb52c"
        }
      },
      {
        "Library": {
          "Name": "serde_json",
          "Version": "1.0.39"
        },
        "Layer": {
          "DiffID": "sha256:6ef42db7800507577383edf1937cb203b9b85f619feed6046594208748ceb52c"
        }
      },
      {
        "Library": {
          "Name": "siphasher",
          "Version": "0.2.3"
        },
        "Layer": {
          "DiffID": "sha256:6ef42db7800507577383edf1937cb203b9b85f619feed6046594208748ceb52c"
        }
      },
      {
        "Library": {
          "Name": "smallvec",
          "Version": "0.6.9"
        },
        "Layer": {
          "DiffID": "sha256:6ef42db7800507577383edf1937cb203b9b85f619feed6046594208748ceb52c"
        }
      },
      {
        "Library": {
          "Name": "string_cache",
          "Version": "0.7.3"
        },
        "Layer": {
          "DiffID": "sha256:6ef42db7800507577383edf1937cb203b9b85f619feed6046594208748ceb52c"
        }
      },
      {
        "Library": {
          "Name": "string_cache_codegen",
          "Version": "0.4.2"
        },
        "Layer": {
          "DiffID": "sha256:6ef42db7800507577383edf1937cb203b9b85f619feed6046594208748ceb52c"
        }
      },
      {
        "Library": {
          "Name": "string_cache_shared",
          "Version": "0.3.0"
        },
        "Layer": {
          "DiffID": "sha256:6ef42db7800507577383edf1937cb203b9b85f619feed6046594208748ceb52c"
        }
      },
      {
        "Library": {
          "Name": "syn",
          "Version": "0.15.34"
        },
        "Layer": {
          "DiffID": "sha256:6ef42db7800507577383edf1937cb203b9b85f619feed6046594208748ceb52c"
        }
      },
      {
        "Library": {
          "Name": "tempdir",
          "Version": "0.3.7"
        },
        "Layer": {
          "DiffID": "sha256:6ef42db7800507577383edf1937cb203b9b85f619feed6046594208748ceb52c"
        }
      },
      {
        "Library": {
          "Name": "tendril",
          "Version": "0.4.1"
        },
        "Layer": {
          "DiffID": "sha256:6ef42db7800507577383edf1937cb203b9b85f619feed6046594208748ceb52c"
        }
      },
      {
        "Library": {
          "Name": "unicode-bidi",
          "Version": "0.3.4"
        },
        "Layer": {
          "DiffID": "sha256:6ef42db7800507577383edf1937cb203b9b85f619feed6046594208748ceb52c"
        }
      },
      {
        "Library": {
          "Name": "unicode-normalization",
          "Version": "0.1.8"
        },
        "Layer": {
          "DiffID": "sha256:6ef42db7800507577383edf1937cb203b9b85f619feed6046594208748ceb52c"
        }
      },
      {
        "Library": {
          "Name": "unicode-xid",
          "Version": "0.1.0"
        },
        "Layer": {
          "DiffID": "sha256:6ef42db7800507577383edf1937cb203b9b85f619feed6046594208748ceb52c"
        }
      },
      {
        "Library": {
          "Name": "url",
          "Version": "1.7.2"
        },
        "Layer": {
          "DiffID": "sha256:6ef42db7800507577383edf1937cb203b9b85f619feed6046594208748ceb52c"
        }
      },
      {
        "Library": {
          "Name": "user32-sys",
          "Version": "0.2.0"
        },
        "Layer": {
          "DiffID": "sha256:6ef42db7800507577383edf1937cb203b9b85f619feed6046594208748ceb52c"
        }
      },
      {
        "Library": {
          "Name": "utf-8",
          "Version": "0.7.5"
        },
        "Layer": {
          "DiffID": "sha256:6ef42db7800507577383edf1937cb203b9b85f619feed6046594208748ceb52c"
        }
      },
      {
        "Library": {
          "Name": "walkdir",
          "Version": "1.0.7"
        },
        "Layer": {
          "DiffID": "sha256:6ef42db7800507577383edf1937cb203b9b85f619feed6046594208748ceb52c"
        }
      },
      {
        "Library": {
          "Name": "winapi",
          "Version": "0.2.8"
        },
        "Layer": {
          "DiffID": "sha256:6ef42db7800507577383edf1937cb203b9b85f619feed6046594208748ceb52c"
        }
      },
      {
        "Library": {
          "Name": "winapi",
          "Version": "0.3.7"
        },
        "Layer": {
          "DiffID": "sha256:6ef42db7800507577383edf1937cb203b9b85f619feed6046594208748ceb52c"
        }
      },
      {
        "Library": {
          "Name": "winapi-build",
          "Version": "0.1.1"
        },
        "Layer": {
          "DiffID": "sha256:6ef42db7800507577383edf1937cb203b9b85f619feed6046594208748ceb52c"
        }
      },
      {
        "Library": {
          "Name": "winapi-i686-pc-windows-gnu",
          "Version": "0.4.0"
        },
        "Layer": {
          "DiffID": "sha256:6ef42db7800507577383edf1937cb203b9b85f619feed6046594208748ceb52c"
        }
      },
      {
        "Library": {
          "Name": "winapi-x86_64-pc-windows-gnu",
          "Version": "0.4.0"
        },
        "Layer": {
          "DiffID": "sha256:6ef42db7800507577383edf1937cb203b9b85f619feed6046594208748ceb52c"
        }
      }
    ]
  },
  {
    "Type": "python-pkg",
    "Libraries": [
      {
        "FilePath": "usr/lib/python2.7/lib-dynload/Python-2.7.15-py2.7.egg-info",
        "Library": {
          "Name": "Python",
          "Version": "2.7.15",
          "License": "PSF license"
        },
        "Layer": {
          "DiffID": "sha256:2da3602d664dd3f71fae83cbc566d4e80b432c6ee8bb4efd94c8e85122f503d4"
        }
      },
      {
        "FilePath": "usr/lib/python2.7/site-packages/mercurial-4.5.2-py2.7.egg-info",
        "Library": {
          "Name": "mercurial",
          "Version": "4.5.2",
          "License": "GNU GPLv2 or any later version"
        },
        "Layer": {
          "DiffID": "sha256:2da3602d664dd3f71fae83cbc566d4e80b432c6ee8bb4efd94c8e85122f503d4"
        }
      }
    ]
  }
]